Archive member included to satisfy reference by file (symbol)

c:/st/stm32cubeide_1.10.1/stm32cubeide/plugins/com.st.stm32cube.ide.mcu.externaltools.gnu-tools-for-stm32.10.3-2021.10.win32_1.0.0.202111181127/tools/bin/../lib/gcc/arm-none-eabi/10.3.1/../../../../arm-none-eabi/lib/thumb/v7-m/nofp\libc_nano.a(lib_a-errno.o)
                              ./Core/Src/syscalls.o (__errno)
c:/st/stm32cubeide_1.10.1/stm32cubeide/plugins/com.st.stm32cube.ide.mcu.externaltools.gnu-tools-for-stm32.10.3-2021.10.win32_1.0.0.202111181127/tools/bin/../lib/gcc/arm-none-eabi/10.3.1/../../../../arm-none-eabi/lib/thumb/v7-m/nofp\libc_nano.a(lib_a-exit.o)
                              c:/st/stm32cubeide_1.10.1/stm32cubeide/plugins/com.st.stm32cube.ide.mcu.externaltools.gnu-tools-for-stm32.10.3-2021.10.win32_1.0.0.202111181127/tools/bin/../lib/gcc/arm-none-eabi/10.3.1/../../../../arm-none-eabi/lib/thumb/v7-m/nofp/crt0.o (exit)
c:/st/stm32cubeide_1.10.1/stm32cubeide/plugins/com.st.stm32cube.ide.mcu.externaltools.gnu-tools-for-stm32.10.3-2021.10.win32_1.0.0.202111181127/tools/bin/../lib/gcc/arm-none-eabi/10.3.1/../../../../arm-none-eabi/lib/thumb/v7-m/nofp\libc_nano.a(lib_a-impure.o)
                              c:/st/stm32cubeide_1.10.1/stm32cubeide/plugins/com.st.stm32cube.ide.mcu.externaltools.gnu-tools-for-stm32.10.3-2021.10.win32_1.0.0.202111181127/tools/bin/../lib/gcc/arm-none-eabi/10.3.1/../../../../arm-none-eabi/lib/thumb/v7-m/nofp\libc_nano.a(lib_a-exit.o) (_global_impure_ptr)
c:/st/stm32cubeide_1.10.1/stm32cubeide/plugins/com.st.stm32cube.ide.mcu.externaltools.gnu-tools-for-stm32.10.3-2021.10.win32_1.0.0.202111181127/tools/bin/../lib/gcc/arm-none-eabi/10.3.1/../../../../arm-none-eabi/lib/thumb/v7-m/nofp\libc_nano.a(lib_a-init.o)
                              c:/st/stm32cubeide_1.10.1/stm32cubeide/plugins/com.st.stm32cube.ide.mcu.externaltools.gnu-tools-for-stm32.10.3-2021.10.win32_1.0.0.202111181127/tools/bin/../lib/gcc/arm-none-eabi/10.3.1/../../../../arm-none-eabi/lib/thumb/v7-m/nofp/crt0.o (__libc_init_array)
c:/st/stm32cubeide_1.10.1/stm32cubeide/plugins/com.st.stm32cube.ide.mcu.externaltools.gnu-tools-for-stm32.10.3-2021.10.win32_1.0.0.202111181127/tools/bin/../lib/gcc/arm-none-eabi/10.3.1/../../../../arm-none-eabi/lib/thumb/v7-m/nofp\libc_nano.a(lib_a-memcpy-stub.o)
                              ./Core/Src/queue.o (memcpy)
c:/st/stm32cubeide_1.10.1/stm32cubeide/plugins/com.st.stm32cube.ide.mcu.externaltools.gnu-tools-for-stm32.10.3-2021.10.win32_1.0.0.202111181127/tools/bin/../lib/gcc/arm-none-eabi/10.3.1/../../../../arm-none-eabi/lib/thumb/v7-m/nofp\libc_nano.a(lib_a-memset.o)
                              c:/st/stm32cubeide_1.10.1/stm32cubeide/plugins/com.st.stm32cube.ide.mcu.externaltools.gnu-tools-for-stm32.10.3-2021.10.win32_1.0.0.202111181127/tools/bin/../lib/gcc/arm-none-eabi/10.3.1/../../../../arm-none-eabi/lib/thumb/v7-m/nofp/crt0.o (memset)

Discarded input sections

 .text          0x0000000000000000        0x0 c:/st/stm32cubeide_1.10.1/stm32cubeide/plugins/com.st.stm32cube.ide.mcu.externaltools.gnu-tools-for-stm32.10.3-2021.10.win32_1.0.0.202111181127/tools/bin/../lib/gcc/arm-none-eabi/10.3.1/thumb/v7-m/nofp/crti.o
 .data          0x0000000000000000        0x0 c:/st/stm32cubeide_1.10.1/stm32cubeide/plugins/com.st.stm32cube.ide.mcu.externaltools.gnu-tools-for-stm32.10.3-2021.10.win32_1.0.0.202111181127/tools/bin/../lib/gcc/arm-none-eabi/10.3.1/thumb/v7-m/nofp/crti.o
 .bss           0x0000000000000000        0x0 c:/st/stm32cubeide_1.10.1/stm32cubeide/plugins/com.st.stm32cube.ide.mcu.externaltools.gnu-tools-for-stm32.10.3-2021.10.win32_1.0.0.202111181127/tools/bin/../lib/gcc/arm-none-eabi/10.3.1/thumb/v7-m/nofp/crti.o
 .data          0x0000000000000000        0x4 c:/st/stm32cubeide_1.10.1/stm32cubeide/plugins/com.st.stm32cube.ide.mcu.externaltools.gnu-tools-for-stm32.10.3-2021.10.win32_1.0.0.202111181127/tools/bin/../lib/gcc/arm-none-eabi/10.3.1/thumb/v7-m/nofp/crtbegin.o
 .rodata        0x0000000000000000       0x24 c:/st/stm32cubeide_1.10.1/stm32cubeide/plugins/com.st.stm32cube.ide.mcu.externaltools.gnu-tools-for-stm32.10.3-2021.10.win32_1.0.0.202111181127/tools/bin/../lib/gcc/arm-none-eabi/10.3.1/thumb/v7-m/nofp/crtbegin.o
 .text          0x0000000000000000       0x7c c:/st/stm32cubeide_1.10.1/stm32cubeide/plugins/com.st.stm32cube.ide.mcu.externaltools.gnu-tools-for-stm32.10.3-2021.10.win32_1.0.0.202111181127/tools/bin/../lib/gcc/arm-none-eabi/10.3.1/../../../../arm-none-eabi/lib/thumb/v7-m/nofp/crt0.o
 .data          0x0000000000000000        0x0 c:/st/stm32cubeide_1.10.1/stm32cubeide/plugins/com.st.stm32cube.ide.mcu.externaltools.gnu-tools-for-stm32.10.3-2021.10.win32_1.0.0.202111181127/tools/bin/../lib/gcc/arm-none-eabi/10.3.1/../../../../arm-none-eabi/lib/thumb/v7-m/nofp/crt0.o
[...]
Memory Configuration

Name             Origin             Length             Attributes
RAM              0x0000000020000000 0x0000000000005000 xrw
FLASH            0x0000000008000000 0x0000000000010000 xr
*default*        0x0000000000000000 0xffffffffffffffff

Linker script and memory map

LOAD c:/st/stm32cubeide_1.10.1/stm32cubeide/plugins/com.st.stm32cube.ide.mcu.externaltools.gnu-tools-for-stm32.10.3-2021.10.win32_1.0.0.202111181127/tools/bin/../lib/gcc/arm-none-eabi/10.3.1/thumb/v7-m/nofp/crti.o
LOAD c:/st/stm32cubeide_1.10.1/stm32cubeide/plugins/com.st.stm32cube.ide.mcu.externaltools.gnu-tools-for-stm32.10.3-2021.10.win32_1.0.0.202111181127/tools/bin/../lib/gcc/arm-none-eabi/10.3.1/thumb/v7-m/nofp/crtbegin.o
LOAD c:/st/stm32cubeide_1.10.1/stm32cubeide/plugins/com.st.stm32cube.ide.mcu.externaltools.gnu-tools-for-stm32.10.3-2021.10.win32_1.0.0.202111181127/tools/bin/../lib/gcc/arm-none-eabi/10.3.1/../../../../arm-none-eabi/lib/thumb/v7-m/nofp/crt0.o
LOAD ./Core/Src/croutine.o
LOAD ./Core/Src/event_groups.o
LOAD ./Core/Src/heap_4.o
LOAD ./Core/Src/list.o
LOAD ./Core/Src/main.o
LOAD ./Core/Src/port.o
LOAD ./Core/Src/queue.o
LOAD ./Core/Src/stm32f1xx_hal_msp.o
LOAD ./Core/Src/stm32f1xx_it.o
LOAD ./Core/Src/stream_buffer.o
LOAD ./Core/Src/syscalls.o
LOAD ./Core/Src/sysmem.o
LOAD ./Core/Src/system_stm32f1xx.o
LOAD ./Core/Src/tasks.o
LOAD ./Core/Src/timers.o
LOAD ./Core/Startup/startup_stm32f103c8tx.o
LOAD ./Drivers/STM32F1xx_HAL_Driver/Src/stm32f1xx_hal.o
LOAD ./Drivers/STM32F1xx_HAL_Driver/Src/stm32f1xx_hal_cortex.o
LOAD ./Drivers/STM32F1xx_HAL_Driver/Src/stm32f1xx_hal_dma.o
LOAD ./Drivers/STM32F1xx_HAL_Driver/Src/stm32f1xx_hal_exti.o
LOAD ./Drivers/STM32F1xx_HAL_Driver/Src/stm32f1xx_hal_flash.o
LOAD ./Drivers/STM32F1xx_HAL_Driver/Src/stm32f1xx_hal_flash_ex.o
LOAD ./Drivers/STM32F1xx_HAL_Driver/Src/stm32f1xx_hal_gpio.o
LOAD ./Drivers/STM32F1xx_HAL_Driver/Src/stm32f1xx_hal_gpio_ex.o
LOAD ./Drivers/STM32F1xx_HAL_Driver/Src/stm32f1xx_hal_pwr.o
LOAD ./Drivers/STM32F1xx_HAL_Driver/Src/stm32f1xx_hal_rcc.o
LOAD ./Drivers/STM32F1xx_HAL_Driver/Src/stm32f1xx_hal_rcc_ex.o
START GROUP
LOAD c:/st/stm32cubeide_1.10.1/stm32cubeide/plugins/com.st.stm32cube.ide.mcu.externaltools.gnu-tools-for-stm32.10.3-2021.10.win32_1.0.0.202111181127/tools/bin/../lib/gcc/arm-none-eabi/10.3.1/../../../../arm-none-eabi/lib/thumb/v7-m/nofp\libc_nano.a
LOAD c:/st/stm32cubeide_1.10.1/stm32cubeide/plugins/com.st.stm32cube.ide.mcu.externaltools.gnu-tools-for-stm32.10.3-2021.10.win32_1.0.0.202111181127/tools/bin/../lib/gcc/arm-none-eabi/10.3.1/../../../../arm-none-eabi/lib/thumb/v7-m/nofp\libm.a
END GROUP
START GROUP
LOAD c:/st/stm32cubeide_1.10.1/stm32cubeide/plugins/com.st.stm32cube.ide.mcu.externaltools.gnu-tools-for-stm32.10.3-2021.10.win32_1.0.0.202111181127/tools/bin/../lib/gcc/arm-none-eabi/10.3.1/thumb/v7-m/nofp\libgcc.a
LOAD c:/st/stm32cubeide_1.10.1/stm32cubeide/plugins/com.st.stm32cube.ide.mcu.externaltools.gnu-tools-for-stm32.10.3-2021.10.win32_1.0.0.202111181127/tools/bin/../lib/gcc/arm-none-eabi/10.3.1/../../../../arm-none-eabi/lib/thumb/v7-m/nofp\libc_nano.a
END GROUP
START GROUP
LOAD c:/st/stm32cubeide_1.10.1/stm32cubeide/plugins/com.st.stm32cube.ide.mcu.externaltools.gnu-tools-for-stm32.10.3-2021.10.win32_1.0.0.202111181127/tools/bin/../lib/gcc/arm-none-eabi/10.3.1/thumb/v7-m/nofp\libgcc.a
LOAD c:/st/stm32cubeide_1.10.1/stm32cubeide/plugins/com.st.stm32cube.ide.mcu.externaltools.gnu-tools-for-stm32.10.3-2021.10.win32_1.0.0.202111181127/tools/bin/../lib/gcc/arm-none-eabi/10.3.1/../../../../arm-none-eabi/lib/thumb/v7-m/nofp\libc_nano.a
LOAD c:/st/stm32cubeide_1.10.1/stm32cubeide/plugins/com.st.stm32cube.ide.mcu.externaltools.gnu-tools-for-stm32.10.3-2021.10.win32_1.0.0.202111181127/tools/bin/../lib/gcc/arm-none-eabi/10.3.1/../../../../arm-none-eabi/lib/thumb/v7-m/nofp\libnosys.a
END GROUP
START GROUP
LOAD c:/st/stm32cubeide_1.10.1/stm32cubeide/plugins/com.st.stm32cube.ide.mcu.externaltools.gnu-tools-for-stm32.10.3-2021.10.win32_1.0.0.202111181127/tools/bin/../lib/gcc/arm-none-eabi/10.3.1/thumb/v7-m/nofp\libgcc.a
LOAD c:/st/stm32cubeide_1.10.1/stm32cubeide/plugins/com.st.stm32cube.ide.mcu.externaltools.gnu-tools-for-stm32.10.3-2021.10.win32_1.0.0.202111181127/tools/bin/../lib/gcc/arm-none-eabi/10.3.1/../../../../arm-none-eabi/lib/thumb/v7-m/nofp\libc_nano.a
LOAD c:/st/stm32cubeide_1.10.1/stm32cubeide/plugins/com.st.stm32cube.ide.mcu.externaltools.gnu-tools-for-stm32.10.3-2021.10.win32_1.0.0.202111181127/tools/bin/../lib/gcc/arm-none-eabi/10.3.1/../../../../arm-none-eabi/lib/thumb/v7-m/nofp\libnosys.a
END GROUP
LOAD c:/st/stm32cubeide_1.10.1/stm32cubeide/plugins/com.st.stm32cube.ide.mcu.externaltools.gnu-tools-for-stm32.10.3-2021.10.win32_1.0.0.202111181127/tools/bin/../lib/gcc/arm-none-eabi/10.3.1/thumb/v7-m/nofp/crtend.o
LOAD c:/st/stm32cubeide_1.10.1/stm32cubeide/plugins/com.st.stm32cube.ide.mcu.externaltools.gnu-tools-for-stm32.10.3-2021.10.win32_1.0.0.202111181127/tools/bin/../lib/gcc/arm-none-eabi/10.3.1/thumb/v7-m/nofp/crtn.o
                0x0000000020005000                _estack = (ORIGIN (RAM) + LENGTH (RAM))
                0x0000000000000200                _Min_Heap_Size = 0x200
                0x0000000000000400                _Min_Stack_Size = 0x400

.isr_vector     0x0000000008000000      0x10c
                0x0000000008000000                . = ALIGN (0x4)
 *(.isr_vector)
 .isr_vector    0x0000000008000000      0x10c ./Core/Startup/startup_stm32f103c8tx.o
                0x0000000008000000                g_pfnVectors
                0x000000000800010c                . = ALIGN (0x4)

.text           0x0000000008000110     0x12a8
                0x0000000008000110                . = ALIGN (0x4)
 *(.text)
 .text          0x0000000008000110       0x40 c:/st/stm32cubeide_1.10.1/stm32cubeide/plugins/com.st.stm32cube.ide.mcu.externaltools.gnu-tools-for-stm32.10.3-2021.10.win32_1.0.0.202111181127/tools/bin/../lib/gcc/arm-none-eabi/10.3.1/thumb/v7-m/nofp/crtbegin.o
 *(.text*)
 .text.pvPortMalloc
                0x0000000008000150      0x15c ./Core/Src/heap_4.o
                0x0000000008000150                pvPortMalloc
 .text.vPortFree
                0x00000000080002ac       0x80 ./Core/Src/heap_4.o
                0x00000000080002ac                vPortFree
 .text.prvHeapInit
                0x000000000800032c       0xc4 ./Core/Src/heap_4.o
 .text.prvInsertBlockIntoFreeList
                0x00000000080003f0       0xb0 ./Core/Src/heap_4.o
 .text.vListInitialise
                0x00000000080004a0       0x3e ./Core/Src/list.o
                0x00000000080004a0                vListInitialise
 .text.vListInitialiseItem
                0x00000000080004de       0x18 ./Core/Src/list.o
                0x00000000080004de                vListInitialiseItem
 .text.vListInsert
                0x00000000080004f6       0x70 ./Core/Src/list.o
                0x00000000080004f6                vListInsert
 .text.uxListRemove
                0x0000000008000566       0x52 ./Core/Src/list.o
                0x0000000008000566                uxListRemove
 .text.VTask1   0x00000000080005b8       0x30 ./Core/Src/main.o
                0x00000000080005b8                VTask1
 .text.main     0x00000000080005e8       0x2c ./Core/Src/main.o
                0x00000000080005e8                main
 .text.pxPortInitialiseStack
                0x0000000008000614       0x58 ./Core/Src/port.o
                0x0000000008000614                pxPortInitialiseStack
 .text.prvTaskExitError
                0x000000000800066c       0x32 ./Core/Src/port.o
 *fill*         0x000000000800069e        0x2 
 .text.SVC_Handler
                0x00000000080006a0       0x28 ./Core/Src/port.o
                0x00000000080006a0                SVC_Handler
 .text.prvPortStartFirstTask
                0x00000000080006c8       0x24 ./Core/Src/port.o
 .text.xPortStartScheduler
                0x00000000080006ec       0x40 ./Core/Src/port.o
                0x00000000080006ec                xPortStartScheduler
 .text.vPortEnterCritical
                0x000000000800072c       0x34 ./Core/Src/port.o
                0x000000000800072c                vPortEnterCritical
 .text.vPortExitCritical
                0x0000000008000760       0x34 ./Core/Src/port.o
                0x0000000008000760                vPortExitCritical
 *fill*         0x0000000008000794        0xc 
 .text.PendSV_Handler
                0x00000000080007a0       0x48 ./Core/Src/port.o
                0x00000000080007a0                PendSV_Handler
 .text.SysTick_Handler
                0x00000000080007e8       0x44 ./Core/Src/port.o
                0x00000000080007e8                SysTick_Handler
 .text.vPortSetupTimerInterrupt
                0x000000000800082c       0x34 ./Core/Src/port.o
                0x000000000800082c                vPortSetupTimerInterrupt
 .text.NMI_Handler
                0x0000000008000860        0x6 ./Core/Src/stm32f1xx_it.o
                0x0000000008000860                NMI_Handler
 .text.HardFault_Handler
                0x0000000008000866        0x6 ./Core/Src/stm32f1xx_it.o
                0x0000000008000866                HardFault_Handler
 .text.MemManage_Handler
                0x000000000800086c        0x6 ./Core/Src/stm32f1xx_it.o
                0x000000000800086c                MemManage_Handler
 .text.BusFault_Handler
                0x0000000008000872        0x6 ./Core/Src/stm32f1xx_it.o
                0x0000000008000872                BusFault_Handler
 .text.UsageFault_Handler
                0x0000000008000878        0x6 ./Core/Src/stm32f1xx_it.o
                0x0000000008000878                UsageFault_Handler
 .text.DebugMon_Handler
                0x000000000800087e        0xc ./Core/Src/stm32f1xx_it.o
                0x000000000800087e                DebugMon_Handler
 .text.SystemInit
                0x000000000800088a        0xc ./Core/Src/system_stm32f1xx.o
                0x000000000800088a                SystemInit
 .text.xTaskCreate
                0x0000000008000896       0x82 ./Core/Src/tasks.o
                0x0000000008000896                xTaskCreate
 .text.prvInitialiseNewTask
                0x0000000008000918      0x10c ./Core/Src/tasks.o
 .text.prvAddNewTaskToReadyList
                0x0000000008000a24      0x12c ./Core/Src/tasks.o
 .text.vTaskDelay
                0x0000000008000b50       0x48 ./Core/Src/tasks.o
                0x0000000008000b50                vTaskDelay
 .text.vTaskStartScheduler
                0x0000000008000b98       0x78 ./Core/Src/tasks.o
                0x0000000008000b98                vTaskStartScheduler
 .text.vTaskSuspendAll
                0x0000000008000c10       0x1c ./Core/Src/tasks.o
                0x0000000008000c10                vTaskSuspendAll
 .text.xTaskResumeAll
                0x0000000008000c2c      0x1d8 ./Core/Src/tasks.o
                0x0000000008000c2c                xTaskResumeAll
 .text.xTaskIncrementTick
                0x0000000008000e04      0x20c ./Core/Src/tasks.o
                0x0000000008000e04                xTaskIncrementTick
 .text.vTaskSwitchContext
                0x0000000008001010       0x8c ./Core/Src/tasks.o
                0x0000000008001010                vTaskSwitchContext
 .text.prvIdleTask
                0x000000000800109c       0x30 ./Core/Src/tasks.o
 .text.prvInitialiseTaskLists
                0x00000000080010cc       0x80 ./Core/Src/tasks.o
 .text.prvCheckTasksWaitingTermination
                0x000000000800114c       0x5c ./Core/Src/tasks.o
 .text.prvDeleteTCB
                0x00000000080011a8       0x20 ./Core/Src/tasks.o
 .text.prvResetNextTaskUnblockTime
                0x00000000080011c8       0x34 ./Core/Src/tasks.o
 .text.prvAddCurrentTaskToDelayedList
                0x00000000080011fc      0x100 ./Core/Src/tasks.o
 .text.Reset_Handler
                0x00000000080012fc       0x48 ./Core/Startup/startup_stm32f103c8tx.o
                0x00000000080012fc                Reset_Handler
 .text.Default_Handler
                0x0000000008001344        0x2 ./Core/Startup/startup_stm32f103c8tx.o
                0x0000000008001344                RTC_Alarm_IRQHandler
                0x0000000008001344                EXTI2_IRQHandler
                0x0000000008001344                TIM1_CC_IRQHandler
                0x0000000008001344                PVD_IRQHandler
                0x0000000008001344                EXTI3_IRQHandler
                0x0000000008001344                EXTI0_IRQHandler
                0x0000000008001344                I2C2_EV_IRQHandler
                0x0000000008001344                ADC1_2_IRQHandler
                0x0000000008001344                SPI1_IRQHandler
                0x0000000008001344                TAMPER_IRQHandler
                0x0000000008001344                DMA1_Channel4_IRQHandler
                0x0000000008001344                USART3_IRQHandler
                0x0000000008001344                RTC_IRQHandler
                0x0000000008001344                DMA1_Channel7_IRQHandler
                0x0000000008001344                CAN1_RX1_IRQHandler
                0x0000000008001344                TIM4_IRQHandler
                0x0000000008001344                I2C1_EV_IRQHandler
                0x0000000008001344                DMA1_Channel6_IRQHandler
                0x0000000008001344                TIM3_IRQHandler
                0x0000000008001344                RCC_IRQHandler
                0x0000000008001344                TIM1_TRG_COM_IRQHandler
                0x0000000008001344                DMA1_Channel1_IRQHandler
                0x0000000008001344                Default_Handler
                0x0000000008001344                EXTI15_10_IRQHandler
                0x0000000008001344                EXTI9_5_IRQHandler
                0x0000000008001344                SPI2_IRQHandler
                0x0000000008001344                DMA1_Channel5_IRQHandler
                0x0000000008001344                EXTI4_IRQHandler
                0x0000000008001344                USB_LP_CAN1_RX0_IRQHandler
                0x0000000008001344                USB_HP_CAN1_TX_IRQHandler
                0x0000000008001344                DMA1_Channel3_IRQHandler
                0x0000000008001344                TIM1_UP_IRQHandler
                0x0000000008001344                WWDG_IRQHandler
                0x0000000008001344                TIM2_IRQHandler
                0x0000000008001344                TIM1_BRK_IRQHandler
                0x0000000008001344                EXTI1_IRQHandler
                0x0000000008001344                USART2_IRQHandler
                0x0000000008001344                I2C2_ER_IRQHandler
                0x0000000008001344                DMA1_Channel2_IRQHandler
                0x0000000008001344                CAN1_SCE_IRQHandler
                0x0000000008001344                FLASH_IRQHandler
                0x0000000008001344                USART1_IRQHandler
                0x0000000008001344                I2C1_ER_IRQHandler
                0x0000000008001344                USBWakeUp_IRQHandler
 *fill*         0x0000000008001346        0x2 
 .text.__libc_init_array
                0x0000000008001348       0x48 c:/st/stm32cubeide_1.10.1/stm32cubeide/plugins/com.st.stm32cube.ide.mcu.externaltools.gnu-tools-for-stm32.10.3-2021.10.win32_1.0.0.202111181127/tools/bin/../lib/gcc/arm-none-eabi/10.3.1/../../../../arm-none-eabi/lib/thumb/v7-m/nofp\libc_nano.a(lib_a-init.o)
                0x0000000008001348                __libc_init_array
 .text.memset   0x0000000008001390       0x10 c:/st/stm32cubeide_1.10.1/stm32cubeide/plugins/com.st.stm32cube.ide.mcu.externaltools.gnu-tools-for-stm32.10.3-2021.10.win32_1.0.0.202111181127/tools/bin/../lib/gcc/arm-none-eabi/10.3.1/../../../../arm-none-eabi/lib/thumb/v7-m/nofp\libc_nano.a(lib_a-memset.o)
                0x0000000008001390                memset
 *(.glue_7)
 .glue_7        0x00000000080013a0        0x0 linker stubs
 *(.glue_7t)
 .glue_7t       0x00000000080013a0        0x0 linker stubs
 *(.eh_frame)
 .eh_frame      0x00000000080013a0        0x0 c:/st/stm32cubeide_1.10.1/stm32cubeide/plugins/com.st.stm32cube.ide.mcu.externaltools.gnu-tools-for-stm32.10.3-2021.10.win32_1.0.0.202111181127/tools/bin/../lib/gcc/arm-none-eabi/10.3.1/thumb/v7-m/nofp/crtbegin.o
 *(.init)
 .init          0x00000000080013a0        0x4 c:/st/stm32cubeide_1.10.1/stm32cubeide/plugins/com.st.stm32cube.ide.mcu.externaltools.gnu-tools-for-stm32.10.3-2021.10.win32_1.0.0.202111181127/tools/bin/../lib/gcc/arm-none-eabi/10.3.1/thumb/v7-m/nofp/crti.o
                0x00000000080013a0                _init
 .init          0x00000000080013a4        0x8 c:/st/stm32cubeide_1.10.1/stm32cubeide/plugins/com.st.stm32cube.ide.mcu.externaltools.gnu-tools-for-stm32.10.3-2021.10.win32_1.0.0.202111181127/tools/bin/../lib/gcc/arm-none-eabi/10.3.1/thumb/v7-m/nofp/crtn.o
 *(.fini)
 .fini          0x00000000080013ac        0x4 c:/st/stm32cubeide_1.10.1/stm32cubeide/plugins/com.st.stm32cube.ide.mcu.externaltools.gnu-tools-for-stm32.10.3-2021.10.win32_1.0.0.202111181127/tools/bin/../lib/gcc/arm-none-eabi/10.3.1/thumb/v7-m/nofp/crti.o
                0x00000000080013ac                _fini
 .fini          0x00000000080013b0        0x8 c:/st/stm32cubeide_1.10.1/stm32cubeide/plugins/com.st.stm32cube.ide.mcu.externaltools.gnu-tools-for-stm32.10.3-2021.10.win32_1.0.0.202111181127/tools/bin/../lib/gcc/arm-none-eabi/10.3.1/thumb/v7-m/nofp/crtn.o
                0x00000000080013b8                . = ALIGN (0x4)
                0x00000000080013b8                _etext = .

.vfp11_veneer   0x00000000080013b8        0x0
 .vfp11_veneer  0x00000000080013b8        0x0 linker stubs

.v4_bx          0x00000000080013b8        0x0
 .v4_bx         0x00000000080013b8        0x0 linker stubs

.iplt           0x00000000080013b8        0x0
 .iplt          0x00000000080013b8        0x0 c:/st/stm32cubeide_1.10.1/stm32cubeide/plugins/com.st.stm32cube.ide.mcu.externaltools.gnu-tools-for-stm32.10.3-2021.10.win32_1.0.0.202111181127/tools/bin/../lib/gcc/arm-none-eabi/10.3.1/thumb/v7-m/nofp/crtbegin.o

.rodata         0x00000000080013b8       0x10
                0x00000000080013b8                . = ALIGN (0x4)
 *(.rodata)
 .rodata        0x00000000080013b8        0x7 ./Core/Src/main.o
 *fill*         0x00000000080013bf        0x1 
 .rodata        0x00000000080013c0        0x5 ./Core/Src/tasks.o
 *(.rodata*)
                0x00000000080013c8                . = ALIGN (0x4)
 *fill*         0x00000000080013c5        0x3 

.rel.dyn        0x00000000080013c8        0x0
 .rel.iplt      0x00000000080013c8        0x0 c:/st/stm32cubeide_1.10.1/stm32cubeide/plugins/com.st.stm32cube.ide.mcu.externaltools.gnu-tools-for-stm32.10.3-2021.10.win32_1.0.0.202111181127/tools/bin/../lib/gcc/arm-none-eabi/10.3.1/thumb/v7-m/nofp/crtbegin.o

.ARM.extab      0x00000000080013c8        0x0
                0x00000000080013c8                . = ALIGN (0x4)
 *(.ARM.extab* .gnu.linkonce.armextab.*)
                0x00000000080013c8                . = ALIGN (0x4)

.ARM            0x00000000080013c8        0x0
                0x00000000080013c8                . = ALIGN (0x4)
                0x00000000080013c8                __exidx_start = .
 *(.ARM.exidx*)
                0x00000000080013c8                __exidx_end = .
                0x00000000080013c8                . = ALIGN (0x4)

.preinit_array  0x00000000080013c8        0x0
                0x00000000080013c8                . = ALIGN (0x4)
                0x00000000080013c8                PROVIDE (__preinit_array_start = .)
 *(.preinit_array*)
                0x00000000080013c8                PROVIDE (__preinit_array_end = .)
                0x00000000080013c8                . = ALIGN (0x4)

.init_array     0x00000000080013c8        0x4
                0x00000000080013c8                . = ALIGN (0x4)
                0x00000000080013c8                PROVIDE (__init_array_start = .)
 *(SORT_BY_NAME(.init_array.*))
 *(.init_array*)
 .init_array    0x00000000080013c8        0x4 c:/st/stm32cubeide_1.10.1/stm32cubeide/plugins/com.st.stm32cube.ide.mcu.externaltools.gnu-tools-for-stm32.10.3-2021.10.win32_1.0.0.202111181127/tools/bin/../lib/gcc/arm-none-eabi/10.3.1/thumb/v7-m/nofp/crtbegin.o
                0x00000000080013cc                PROVIDE (__init_array_end = .)
                0x00000000080013cc                . = ALIGN (0x4)

.fini_array     0x00000000080013cc        0x4
                0x00000000080013cc                . = ALIGN (0x4)
                [!provide]                        PROVIDE (__fini_array_start = .)
 *(SORT_BY_NAME(.fini_array.*))
 *(.fini_array*)
 .fini_array    0x00000000080013cc        0x4 c:/st/stm32cubeide_1.10.1/stm32cubeide/plugins/com.st.stm32cube.ide.mcu.externaltools.gnu-tools-for-stm32.10.3-2021.10.win32_1.0.0.202111181127/tools/bin/../lib/gcc/arm-none-eabi/10.3.1/thumb/v7-m/nofp/crtbegin.o
                [!provide]                        PROVIDE (__fini_array_end = .)
                0x00000000080013d0                . = ALIGN (0x4)
                0x00000000080013d0                _sidata = LOADADDR (.data)

.data           0x0000000020000000        0x8 load address 0x00000000080013d0
                0x0000000020000000                . = ALIGN (0x4)
                0x0000000020000000                _sdata = .
 *(.data)
 *(.data*)
 .data.uxCriticalNesting
                0x0000000020000000        0x4 ./Core/Src/port.o
 .data.uxTopUsedPriority
                0x0000000020000004        0x4 ./Core/Src/tasks.o
                0x0000000020000004                uxTopUsedPriority
 *(.RamFunc)
 *(.RamFunc*)
                0x0000000020000008                . = ALIGN (0x4)
                0x0000000020000008                _edata = .

.igot.plt       0x0000000020000008        0x0 load address 0x00000000080013d8
 .igot.plt      0x0000000020000008        0x0 c:/st/stm32cubeide_1.10.1/stm32cubeide/plugins/com.st.stm32cube.ide.mcu.externaltools.gnu-tools-for-stm32.10.3-2021.10.win32_1.0.0.202111181127/tools/bin/../lib/gcc/arm-none-eabi/10.3.1/thumb/v7-m/nofp/crtbegin.o
                0x0000000020000008                . = ALIGN (0x4)

.bss            0x0000000020000008     0x2954 load address 0x00000000080013d8
                0x0000000020000008                _sbss = .
                0x0000000020000008                __bss_start__ = _sbss
 *(.bss)
 .bss           0x0000000020000008       0x1c c:/st/stm32cubeide_1.10.1/stm32cubeide/plugins/com.st.stm32cube.ide.mcu.externaltools.gnu-tools-for-stm32.10.3-2021.10.win32_1.0.0.202111181127/tools/bin/../lib/gcc/arm-none-eabi/10.3.1/thumb/v7-m/nofp/crtbegin.o
 *(.bss*)
 .bss.ucHeap    0x0000000020000024     0x2800 ./Core/Src/heap_4.o
 .bss.xStart    0x0000000020002824        0x8 ./Core/Src/heap_4.o
 .bss.pxEnd     0x000000002000282c        0x4 ./Core/Src/heap_4.o
 .bss.xFreeBytesRemaining
                0x0000000020002830        0x4 ./Core/Src/heap_4.o
 .bss.xMinimumEverFreeBytesRemaining
                0x0000000020002834        0x4 ./Core/Src/heap_4.o
 .bss.xNumberOfSuccessfulAllocations
                0x0000000020002838        0x4 ./Core/Src/heap_4.o
 .bss.xNumberOfSuccessfulFrees
                0x000000002000283c        0x4 ./Core/Src/heap_4.o
 .bss.xBlockAllocatedBit
                0x0000000020002840        0x4 ./Core/Src/heap_4.o
 .bss.pxCurrentTCB
                0x0000000020002844        0x4 ./Core/Src/tasks.o
                0x0000000020002844                pxCurrentTCB
 .bss.pxReadyTasksLists
                0x0000000020002848       0x78 ./Core/Src/tasks.o
 .bss.xDelayedTaskList1
                0x00000000200028c0       0x14 ./Core/Src/tasks.o
 .bss.xDelayedTaskList2
                0x00000000200028d4       0x14 ./Core/Src/tasks.o
 .bss.pxDelayedTaskList
                0x00000000200028e8        0x4 ./Core/Src/tasks.o
 .bss.pxOverflowDelayedTaskList
                0x00000000200028ec        0x4 ./Core/Src/tasks.o
 .bss.xPendingReadyList
                0x00000000200028f0       0x14 ./Core/Src/tasks.o
 .bss.xTasksWaitingTermination
                0x0000000020002904       0x14 ./Core/Src/tasks.o
 .bss.uxDeletedTasksWaitingCleanUp
                0x0000000020002918        0x4 ./Core/Src/tasks.o
 .bss.xSuspendedTaskList
                0x000000002000291c       0x14 ./Core/Src/tasks.o
 .bss.uxCurrentNumberOfTasks
                0x0000000020002930        0x4 ./Core/Src/tasks.o
 .bss.xTickCount
                0x0000000020002934        0x4 ./Core/Src/tasks.o
 .bss.uxTopReadyPriority
                0x0000000020002938        0x4 ./Core/Src/tasks.o
 .bss.xSchedulerRunning
                0x000000002000293c        0x4 ./Core/Src/tasks.o
 .bss.xPendedTicks
                0x0000000020002940        0x4 ./Core/Src/tasks.o
 .bss.xYieldPending
                0x0000000020002944        0x4 ./Core/Src/tasks.o
 .bss.xNumOfOverflows
                0x0000000020002948        0x4 ./Core/Src/tasks.o
 .bss.uxTaskNumber
                0x000000002000294c        0x4 ./Core/Src/tasks.o
 .bss.xNextTaskUnblockTime
                0x0000000020002950        0x4 ./Core/Src/tasks.o
 .bss.xIdleTaskHandle
                0x0000000020002954        0x4 ./Core/Src/tasks.o
 .bss.uxSchedulerSuspended
                0x0000000020002958        0x4 ./Core/Src/tasks.o
 *(COMMON)
                0x000000002000295c                . = ALIGN (0x4)
                0x000000002000295c                _ebss = .
                0x000000002000295c                __bss_end__ = _ebss

._user_heap_stack
                0x000000002000295c      0x604 load address 0x00000000080013d8
                0x0000000020002960                . = ALIGN (0x8)
 *fill*         0x000000002000295c        0x4 
                [!provide]                        PROVIDE (end = .)
                0x0000000020002960                PROVIDE (_end = .)
                0x0000000020002b60                . = (. + _Min_Heap_Size)
 *fill*         0x0000000020002960      0x200 
                0x0000000020002f60                . = (. + _Min_Stack_Size)
 *fill*         0x0000000020002b60      0x400 
                0x0000000020002f60                . = ALIGN (0x8)

/DISCARD/
 libc.a(*)
 libm.a(*)
 libgcc.a(*)

.ARM.attributes
                0x0000000000000000       0x29
 *(.ARM.attributes)
 .ARM.attributes
                0x0000000000000000       0x1d c:/st/stm32cubeide_1.10.1/stm32cubeide/plugins/com.st.stm32cube.ide.mcu.externaltools.gnu-tools-for-stm32.10.3-2021.10.win32_1.0.0.202111181127/tools/bin/../lib/gcc/arm-none-eabi/10.3.1/thumb/v7-m/nofp/crti.o
 .ARM.attributes
                0x000000000000001d       0x2d c:/st/stm32cubeide_1.10.1/stm32cubeide/plugins/com.st.stm32cube.ide.mcu.externaltools.gnu-tools-for-stm32.10.3-2021.10.win32_1.0.0.202111181127/tools/bin/../lib/gcc/arm-none-eabi/10.3.1/thumb/v7-m/nofp/crtbegin.o
 .ARM.attributes
                0x000000000000004a       0x2d ./Core/Src/heap_4.o
 .ARM.attributes
                0x0000000000000077       0x2d ./Core/Src/list.o
 .ARM.attributes
                0x00000000000000a4       0x2d ./Core/Src/main.o
 .ARM.attributes
                0x00000000000000d1       0x2d ./Core/Src/port.o
 .ARM.attributes
                0x00000000000000fe       0x2d ./Core/Src/stm32f1xx_it.o
 .ARM.attributes
                0x000000000000012b       0x2d ./Core/Src/system_stm32f1xx.o
 .ARM.attributes
                0x0000000000000158       0x2d ./Core/Src/tasks.o
 .ARM.attributes
                0x0000000000000185       0x21 ./Core/Startup/startup_stm32f103c8tx.o
 .ARM.attributes
                0x00000000000001a6       0x2d c:/st/stm32cubeide_1.10.1/stm32cubeide/plugins/com.st.stm32cube.ide.mcu.externaltools.gnu-tools-for-stm32.10.3-2021.10.win32_1.0.0.202111181127/tools/bin/../lib/gcc/arm-none-eabi/10.3.1/../../../../arm-none-eabi/lib/thumb/v7-m/nofp\libc_nano.a(lib_a-init.o)
 .ARM.attributes
                0x00000000000001d3       0x2d c:/st/stm32cubeide_1.10.1/stm32cubeide/plugins/com.st.stm32cube.ide.mcu.externaltools.gnu-tools-for-stm32.10.3-2021.10.win32_1.0.0.202111181127/tools/bin/../lib/gcc/arm-none-eabi/10.3.1/../../../../arm-none-eabi/lib/thumb/v7-m/nofp\libc_nano.a(lib_a-memset.o)
 .ARM.attributes
                0x0000000000000200       0x1d c:/st/stm32cubeide_1.10.1/stm32cubeide/plugins/com.st.stm32cube.ide.mcu.externaltools.gnu-tools-for-stm32.10.3-2021.10.win32_1.0.0.202111181127/tools/bin/../lib/gcc/arm-none-eabi/10.3.1/thumb/v7-m/nofp/crtn.o
OUTPUT(TEST_RTOS_1.elf elf32-littlearm)
LOAD linker stubs
LOAD c:/st/stm32cubeide_1.10.1/stm32cubeide/plugins/com.st.stm32cube.ide.mcu.externaltools.gnu-tools-for-stm32.10.3-2021.10.win32_1.0.0.202111181127/tools/bin/../lib/gcc/arm-none-eabi/10.3.1/../../../../arm-none-eabi/lib/thumb/v7-m/nofp\libc.a
LOAD c:/st/stm32cubeide_1.10.1/stm32cubeide/plugins/com.st.stm32cube.ide.mcu.externaltools.gnu-tools-for-stm32.10.3-2021.10.win32_1.0.0.202111181127/tools/bin/../lib/gcc/arm-none-eabi/10.3.1/../../../../arm-none-eabi/lib/thumb/v7-m/nofp\libm.a
LOAD c:/st/stm32cubeide_1.10.1/stm32cubeide/plugins/com.st.stm32cube.ide.mcu.externaltools.gnu-tools-for-stm32.10.3-2021.10.win32_1.0.0.202111181127/tools/bin/../lib/gcc/arm-none-eabi/10.3.1/thumb/v7-m/nofp\libgcc.a

.debug_info     0x0000000000000000     0x324a
 .debug_info    0x0000000000000000      0x465 ./Core/Src/heap_4.o
 .debug_info    0x0000000000000465      0x2d1 ./Core/Src/list.o
 .debug_info    0x0000000000000736      0x4c8 ./Core/Src/main.o
 .debug_info    0x0000000000000bfe      0x2f7 ./Core/Src/port.o
 .debug_info    0x0000000000000ef5       0xe3 ./Core/Src/stm32f1xx_it.o
 .debug_info    0x0000000000000fd8      0x23d ./Core/Src/system_stm32f1xx.o
 .debug_info    0x0000000000001215     0x2013 ./Core/Src/tasks.o
 .debug_info    0x0000000000003228       0x22 ./Core/Startup/startup_stm32f103c8tx.o

.debug_abbrev   0x0000000000000000      0xb61
 .debug_abbrev  0x0000000000000000      0x1b0 ./Core/Src/heap_4.o
 .debug_abbrev  0x00000000000001b0       0xf2 ./Core/Src/list.o
 .debug_abbrev  0x00000000000002a2      0x1c6 ./Core/Src/main.o
 .debug_abbrev  0x0000000000000468      0x20e ./Core/Src/port.o
 .debug_abbrev  0x0000000000000676       0x47 ./Core/Src/stm32f1xx_it.o
 .debug_abbrev  0x00000000000006bd      0x13b ./Core/Src/system_stm32f1xx.o
 .debug_abbrev  0x00000000000007f8      0x357 ./Core/Src/tasks.o
 .debug_abbrev  0x0000000000000b4f       0x12 ./Core/Startup/startup_stm32f103c8tx.o

.debug_aranges  0x0000000000000000      0x3c8
 .debug_aranges
                0x0000000000000000       0x58 ./Core/Src/heap_4.o
 .debug_aranges
                0x0000000000000058       0x40 ./Core/Src/list.o
 .debug_aranges
                0x0000000000000098       0x38 ./Core/Src/main.o
 .debug_aranges
                0x00000000000000d0       0x70 ./Core/Src/port.o
 .debug_aranges
                0x0000000000000140       0x48 ./Core/Src/stm32f1xx_it.o
 .debug_aranges
                0x0000000000000188       0x28 ./Core/Src/system_stm32f1xx.o
 .debug_aranges
                0x00000000000001b0      0x1f0 ./Core/Src/tasks.o
 .debug_aranges
                0x00000000000003a0       0x28 ./Core/Startup/startup_stm32f103c8tx.o

.debug_ranges   0x0000000000000000      0x350
 .debug_ranges  0x0000000000000000       0x48 ./Core/Src/heap_4.o
 .debug_ranges  0x0000000000000048       0x30 ./Core/Src/list.o
 .debug_ranges  0x0000000000000078       0x28 ./Core/Src/main.o
 .debug_ranges  0x00000000000000a0       0x60 ./Core/Src/port.o
 .debug_ranges  0x0000000000000100       0x38 ./Core/Src/stm32f1xx_it.o
 .debug_ranges  0x0000000000000138       0x18 ./Core/Src/system_stm32f1xx.o
 .debug_ranges  0x0000000000000150      0x1e0 ./Core/Src/tasks.o
 .debug_ranges  0x0000000000000330       0x20 ./Core/Startup/startup_stm32f103c8tx.o

.debug_macro    0x0000000000000000    0x147f9
 .debug_macro   0x0000000000000000      0x1b3 ./Core/Src/heap_4.o
 .debug_macro   0x00000000000001b3      0x198 ./Core/Src/list.o
 .debug_macro   0x000000000000034b      0x1fb ./Core/Src/main.o
 .debug_macro   0x0000000000000546      0x209 ./Core/Src/main.o
 .debug_macro   0x000000000000074f       0x2e ./Core/Src/main.o
 .debug_macro   0x000000000000077d       0x22 ./Core/Src/main.o
 .debug_macro   0x000000000000079f       0x1c ./Core/Src/main.o
 .debug_macro   0x00000000000007bb       0x22 ./Core/Src/main.o
 .debug_macro   0x00000000000007dd       0xbd ./Core/Src/main.o
 .debug_macro   0x000000000000089a      0xd23 ./Core/Src/main.o
 .debug_macro   0x00000000000015bd     0xe09e ./Core/Src/main.o
 .debug_macro   0x000000000000f65b       0x6d ./Core/Src/main.o
 .debug_macro   0x000000000000f6c8     0x3468 ./Core/Src/main.o
 .debug_macro   0x0000000000012b30       0x5c ./Core/Src/main.o
 .debug_macro   0x0000000000012b8c      0x5be ./Core/Src/main.o
 .debug_macro   0x000000000001314a      0x289 ./Core/Src/main.o
 .debug_macro   0x00000000000133d3      0x1cb ./Core/Src/main.o
 .debug_macro   0x000000000001359e      0x114 ./Core/Src/main.o
 .debug_macro   0x00000000000136b2      0x1b2 ./Core/Src/main.o
 .debug_macro   0x0000000000013864       0x27 ./Core/Src/main.o
 .debug_macro   0x000000000001388b      0x136 ./Core/Src/main.o
 .debug_macro   0x00000000000139c1      0x1bc ./Core/Src/main.o
 .debug_macro   0x0000000000013b7d       0x34 ./Core/Src/main.o
 .debug_macro   0x0000000000013bb1       0x3c ./Core/Src/main.o
 .debug_macro   0x0000000000013bed       0x57 ./Core/Src/main.o
 .debug_macro   0x0000000000013c44       0x88 ./Core/Src/main.o
 .debug_macro   0x0000000000013ccc      0x241 ./Core/Src/main.o
 .debug_macro   0x0000000000013f0d      0x141 ./Core/Src/main.o
 .debug_macro   0x000000000001404e       0x83 ./Core/Src/main.o
 .debug_macro   0x00000000000140d1      0x177 ./Core/Src/port.o
 .debug_macro   0x0000000000014248      0x198 ./Core/Src/stm32f1xx_it.o
 .debug_macro   0x00000000000143e0      0x184 ./Core/Src/system_stm32f1xx.o
 .debug_macro   0x0000000000014564      0x27e ./Core/Src/tasks.o
 .debug_macro   0x00000000000147e2       0x17 ./Core/Src/tasks.o

.debug_line     0x0000000000000000     0x41f7
 .debug_line    0x0000000000000000      0x835 ./Core/Src/heap_4.o
 .debug_line    0x0000000000000835      0x66e ./Core/Src/list.o
 .debug_line    0x0000000000000ea3      0x749 ./Core/Src/main.o
 .debug_line    0x00000000000015ec      0x5d8 ./Core/Src/port.o
 .debug_line    0x0000000000001bc4      0x6ad ./Core/Src/stm32f1xx_it.o
 .debug_line    0x0000000000002271      0x6a7 ./Core/Src/system_stm32f1xx.o
 .debug_line    0x0000000000002918     0x1858 ./Core/Src/tasks.o
 .debug_line    0x0000000000004170       0x87 ./Core/Startup/startup_stm32f103c8tx.o

.debug_str      0x0000000000000000    0x84e28
 .debug_str     0x0000000000000000     0xbd04 ./Core/Src/heap_4.o
                                       0xbf47 (size before relaxing)
 .debug_str     0x000000000000bd04      0x11e ./Core/Src/list.o
                                       0xaaae (size before relaxing)
 .debug_str     0x000000000000be22    0x76c28 ./Core/Src/main.o
                                      0x7fa99 (size before relaxing)
 .debug_str     0x0000000000082a4a      0x63f ./Core/Src/port.o
                                       0x9398 (size before relaxing)
 .debug_str     0x0000000000083089       0x92 ./Core/Src/stm32f1xx_it.o
                                      0x7aa5b (size before relaxing)
 .debug_str     0x000000000008311b       0x7e ./Core/Src/system_stm32f1xx.o
                                      0x7aaa8 (size before relaxing)
 .debug_str     0x0000000000083199     0x1c59 ./Core/Src/tasks.o
                                       0xdb53 (size before relaxing)
 .debug_str     0x0000000000084df2       0x36 ./Core/Startup/startup_stm32f103c8tx.o
                                         0x5b (size before relaxing)

.comment        0x0000000000000000       0x50
 .comment       0x0000000000000000       0x50 ./Core/Src/heap_4.o
                                         0x51 (size before relaxing)
 .comment       0x0000000000000050       0x51 ./Core/Src/list.o
 .comment       0x0000000000000050       0x51 ./Core/Src/main.o
 .comment       0x0000000000000050       0x51 ./Core/Src/port.o
 .comment       0x0000000000000050       0x51 ./Core/Src/stm32f1xx_it.o
 .comment       0x0000000000000050       0x51 ./Core/Src/system_stm32f1xx.o
 .comment       0x0000000000000050       0x51 ./Core/Src/tasks.o

.debug_frame    0x0000000000000000      0xdc0
 .debug_frame   0x0000000000000000      0x12c ./Core/Src/heap_4.o
 .debug_frame   0x000000000000012c       0xd8 ./Core/Src/list.o
 .debug_frame   0x0000000000000204       0x8c ./Core/Src/main.o
 .debug_frame   0x0000000000000290      0x160 ./Core/Src/port.o
 .debug_frame   0x00000000000003f0       0xa8 ./Core/Src/stm32f1xx_it.o
 .debug_frame   0x0000000000000498       0x58 ./Core/Src/system_stm32f1xx.o
 .debug_frame   0x00000000000004f0      0x884 ./Core/Src/tasks.o
 .debug_frame   0x0000000000000d74       0x2c c:/st/stm32cubeide_1.10.1/stm32cubeide/plugins/com.st.stm32cube.ide.mcu.externaltools.gnu-tools-for-stm32.10.3-2021.10.win32_1.0.0.202111181127/tools/bin/../lib/gcc/arm-none-eabi/10.3.1/../../../../arm-none-eabi/lib/thumb/v7-m/nofp\libc_nano.a(lib_a-init.o)
 .debug_frame   0x0000000000000da0       0x20 c:/st/stm32cubeide_1.10.1/stm32cubeide/plugins/com.st.stm32cube.ide.mcu.externaltools.gnu-tools-for-stm32.10.3-2021.10.win32_1.0.0.202111181127/tools/bin/../lib/gcc/arm-none-eabi/10.3.1/../../../../arm-none-eabi/lib/thumb/v7-m/nofp\libc_nano.a(lib_a-memset.o)
